// Jest Snapshot v1, https://goo.gl/fbAQLP

exports[`chipselect snapshot 1`] = `
<View
  accessible={true}
  collapsable={false}
  focusable={true}
  onBlur={[Function]}
  onClick={[Function]}
  onFocus={[Function]}
  onResponderGrant={[Function]}
  onResponderMove={[Function]}
  onResponderRelease={[Function]}
  onResponderTerminate={[Function]}
  onResponderTerminationRequest={[Function]}
  onStartShouldSetResponder={[Function]}
  style={
    Array [
      Object {
        "alignItems": "center",
        "backgroundColor": "#EAF3FF",
        "borderRadius": 21,
        "height": 42,
        "justifyContent": "center",
        "paddingBottom": 14,
        "paddingLeft": 0,
        "paddingRight": 0,
        "paddingTop": 14,
        "width": 102,
      },
    ]
  }
>
  <Text
    color="blue300"
    fallbackText=""
    style={
      Array [
        Object {
          "color": "#3289FF",
          "fontFamily": "Rubik-Regular",
          "fontSize": 11,
          "lineHeight": 13,
          "textTransform": "none",
        },
      ]
    }
    variant="overline"
  >
    
  </Text>
</View>
`;
