// Jest Snapshot v1, https://goo.gl/fbAQLP

exports[`ProgressBar progressbar snapshot 1`] = `
<View
  style={
    Array [
      Object {
        "justifyContent": "center",
      },
    ]
  }
>
  <View
    height={16}
    style={
      Array [
        Object {
          "backgroundColor": "#D3D5DA",
          "borderRadius": 16,
          "height": 16,
          "overflow": "hidden",
        },
      ]
    }
  >
    <View
      collapsable={false}
      height={16}
      nativeID="animatedComponent"
      onLayout={[Function]}
      step={0}
      style={
        Object {
          "backgroundColor": "#E73933",
          "borderRadius": 16,
          "height": 16,
          "left": 0,
          "position": "absolute",
          "top": 0,
          "transform": Array [
            Object {
              "translateX": -1000,
            },
          ],
          "width": "100%",
        }
      }
    />
  </View>
</View>
`;
